# Order by file path

# Find man page authors using
# grep -r AUTHOR -A 1 . | egrep -v -e '--|AUTHOR' | sed 's/..//;s/-/\t\t/;s/\./\\./'
# as(1) is attributed to John F. Resier; assume it's John F. Reiser
# Add command authorship using
# grep /man1/ bsd3.map | sed 's|man/man1|src/cmd|;s/\\.1./\t/' | perl -na -e 'print "$F[0]/.*\t\t$F[1]\n" if -d "archive/3bsd/$F[0]" ; print "$F[0]\\.c\t\t$F[1]\n" if -r "archive/3bsd/$F[0].c"' | winclip -c
# Manually examine files in usr/doc and add authorship for documentation and
# corresponding source code

usr/doc/as\.ms			jfr,rrh
usr/doc/berknet/.*		x-ees
usr/doc/csh/.*			wnj
usr/doc/cshms			wnj
usr/doc/ex/.*			wnj
usr/doc/libNS/.*		sklower
usr/doc/lisp/.*			jkf
usr/doc/mail/.*			x-ks
usr/doc/memacros/.*		eric
usr/doc/pascal/.*		wnj
usr/doc/pxp/.*			wnj
usr/doc/sdb/.*			hpk
usr/doc/spice			x-rd,x-arn,x-dop
usr/doc/vi/.*			wnj
usr/doc/vmunix/.*		x-ob,wnj,x-jp
usr/man/man1/analyze\.1m	x-ob,wnj
usr/man/man1/apl\.1		ken,x-rh,x-dl
usr/man/man1/apropos\.1		wnj
usr/man/man1/arff\.1m		sklower,x-rt2
usr/man/man1/as\.1		jfr
usr/man/man1/ccat\.1		x-clm
usr/man/man1/chfn\.1		x-mh
usr/man/man1/colcrt\.1		wnj
usr/man/man1/colrm\.1		x-js
usr/man/man1/compact\.1		x-clm
usr/man/man1/csh\.1		wnj
usr/man/man1/cxref\.1		wnj
usr/man/man1/diffdir\.1		wnj
usr/man/man1/edit\.1		wnj
usr/man/man1/ex\.1		wnj
usr/man/man1/expand\.1		wnj
usr/man/man1/finger\.1		x-etc
usr/man/man1/flcopy\.1m		sklower,x-rt2
usr/man/man1/fmt\.1		x-ks
usr/man/man1/iul\.1		wnj
usr/man/man1/last\.1		hpk
usr/man/man1/lastcomm\.1	x-le
usr/man/man1/leave\.1		x-mh
usr/man/man1/liszt\.1		tbl
usr/man/man1/lock\.1		x-ks
usr/man/man1/mail\.1		x-ks
usr/man/man1/man\.1		wnj
usr/man/man1/mkstr\.1		wnj,x-ch
usr/man/man1/more\.1		x-ees
usr/man/man1/msgs\.1		wnj
usr/man/man1/net\.1		x-ees
usr/man/man1/netcp\.1		x-ees
usr/man/man1/netlpr\.1		x-ees
usr/man/man1/netmail\.1		x-ees
usr/man/man1/netq\.1		x-ees
usr/man/man1/netrm\.1		x-ees
usr/man/man1/num\.1		wnj,mckusic
usr/man/man1/pi\.1		x-cbh,wnj,ken
usr/man/man1/pix\.1		x-slg,wnj
usr/man/man1/px\.1		x-cbh,wnj,ken
usr/man/man1/pxp\.1		wnj
usr/man/man1/reset\.1		x-ks
usr/man/man1/rewind\.1		x-mh
usr/man/man1/script\.1		x-mh
usr/man/man1/see\.1		wnj
usr/man/man1/soelim\.1		wnj
usr/man/man1/ssp\.1		wnj
usr/man/man1/strings\.1		wnj
usr/man/man1/tra\.1		wnj
usr/man/man1/tset\.1		eric
usr/man/man1/ul\.1		x-mh
usr/man/man1/uncompact\.1	x-clm
usr/man/man1/vgrind\.1		wnj
usr/man/man1/vi\.1		wnj
usr/man/man1/vmstat\.1		wnj,x-ob
usr/man/man1/vpac\.1m		x-ks
usr/man/man1/w\.1		x-mh
usr/man/man1/whatis\.1		wnj
usr/man/man1/whereis\.1		wnj
usr/man/man1/xstr\.1		wnj
usr/man/man3/termlib\.3		wnj
usr/man/man5/termcap\.5		wnj
usr/man/man6/banner\.6		x-mh
usr/src/cmd/analyze\.c		x-ob,wnj
usr/src/cmd/apl/.*		ken,x-rh,x-dl
usr/src/cmd/apropos\.c		wnj
usr/src/cmd/arff\.c		sklower,x-rt2
usr/src/cmd/as/.*		jfr
usr/src/cmd/chfn\.c		x-mh
usr/src/cmd/colcrt\.c		wnj
usr/src/cmd/colrm\.c		x-js
usr/src/cmd/compact/.*		x-clm
usr/src/cmd/csh/.*		wnj
usr/src/cmd/diffdir\.c		wnj
usr/src/cmd/ex/.*		wnj
usr/src/cmd/expand\.c		wnj
usr/src/cmd/finger\.c		x-etc
usr/src/cmd/flcopy\.c		sklower,x-rt2
usr/src/cmd/iul\.c		wnj
usr/src/cmd/last\.c		hpk
usr/src/cmd/lastcomm\.c		x-le
usr/src/cmd/leave\.c		x-mh
usr/src/cmd/lisp/.*		jkf
usr/src/cmd/liszt/.*		tbl
usr/src/cmd/lock\.c		x-ks
usr/src/cmd/mail\.c		x-ks
usr/src/cmd/man/.*		wnj
usr/src/cmd/mkstr\.c		wnj,x-ch
usr/src/cmd/more\.c		x-ees
usr/src/cmd/msgs\.c		wnj
usr/src/cmd/net/.*		x-ees
usr/src/cmd/num\.c		wnj,mckusic
usr/src/cmd/pi/.*		x-cbh,wnj,ken
usr/src/cmd/px/.*		x-cbh,wnj,ken
usr/src/cmd/pxp/.*		wnj
usr/src/cmd/reset\.c		x-ks
usr/src/cmd/rewind\.c		x-mh
usr/src/cmd/script\.c		x-mh
usr/src/cmd/see\.c		wnj
usr/src/cmd/soelim\.c		wnj
usr/src/cmd/spice/.*		x-rd,x-arn,x-dop
usr/src/cmd/ssp\.c		wnj
usr/src/cmd/strings\.c		wnj
usr/src/cmd/tra\.c		wnj
usr/src/cmd/tset/.*		eric
usr/src/cmd/ucbmail/.*		x-ks
usr/src/cmd/ul\.c		x-mh
usr/src/cmd/vmstat\.c		wnj,x-ob
usr/src/cmd/w\.c		x-mh
usr/src/cmd/whatis\.c		wnj
usr/src/cmd/whereis\.c		wnj
usr/src/cmd/xstr\.c		wnj
usr/src/sys/sys/vm.*		x-ob,wnj,x-jp

# Default (wnj, given the number of contributions)
.*			wnj
